[    0.000000] Initializing cgroup subsys cpuset
[    0.000000] Initializing cgroup subsys cpu
[    0.000000] Initializing cgroup subsys cpuacct
[    0.000000] Linux version 4.4.0-206-generic (buildd@lgw01-amd64-039) (gcc version 5.4.0 20160609 (Ubuntu 5.4.0-6ubuntu1~16.04.12) ) #238-Ubuntu SMP Tue Mar 16 07:52:37 UTC 2021 (Ubuntu 4.4.0-206.238-generic 4.4.254)
[    0.000000] Command line: BOOT_IMAGE=/boot/vmlinuz-4.4.0-206-generic root=LABEL=cloudimg-rootfs ro console=tty1 console=ttyS0
[    0.000000] KERNEL supported cpus:
[    0.000000]   Intel GenuineIntel
[    0.000000]   AMD AuthenticAMD
[    0.000000]   Centaur CentaurHauls
[    0.000000] x86/fpu: xstate_offset[2]:  576, xstate_sizes[2]:  256
[    0.000000] x86/fpu: Supporting XSAVE feature 0x01: 'x87 floating point registers'
[    0.000000] x86/fpu: Supporting XSAVE feature 0x02: 'SSE registers'
[    0.000000] x86/fpu: Supporting XSAVE feature 0x04: 'AVX registers'
[    0.000000] x86/fpu: Enabled xstate features 0x7, context size is 832 bytes, using 'standard' format.
[    0.000000] e820: BIOS-provided physical RAM map:
[    0.000000] BIOS-e820: [mem 0x0000000000000000-0x000000000009fbff] usable
[    0.000000] BIOS-e820: [mem 0x000000000009fc00-0x000000000009ffff] reserved
[    0.000000] BIOS-e820: [mem 0x00000000000f0000-0x00000000000fffff] reserved
[    0.000000] BIOS-e820: [mem 0x0000000000100000-0x000000003ffeffff] usable
[    0.000000] BIOS-e820: [mem 0x000000003fff0000-0x000000003fffffff] ACPI data
[    0.000000] BIOS-e820: [mem 0x00000000fec00000-0x00000000fec00fff] reserved
[    0.000000] BIOS-e820: [mem 0x00000000fee00000-0x00000000fee00fff] reserved
[    0.000000] BIOS-e820: [mem 0x00000000fffc0000-0x00000000ffffffff] reserved
[    0.000000] NX (Execute Disable) protection: active
[    0.000000] SMBIOS 2.5 present.
[    0.000000] Hypervisor detected: KVM
[    0.000000] e820: last_pfn = 0x3fff0 max_arch_pfn = 0x400000000
[    0.000000] MTRR: Disabled
[    0.000000] x86/PAT: MTRRs disabled, skipping PAT initialization too.
[    0.000000] CPU MTRRs all blank - virtualized system.
[    0.000000] x86/PAT: Configuration [0-7]: WB  WT  UC- UC  WB  WT  UC- UC  
[    0.000000] found SMP MP-table at [mem 0x0009fff0-0x0009ffff] mapped at [ffff88000009fff0]
[    0.000000] Scanning 1 areas for low memory corruption
[    0.000000] RAMDISK: [mem 0x362de000-0x37166fff]
[    0.000000] ACPI: Early table checksum verification disabled
[    0.000000] ACPI: RSDP 0x00000000000E0000 000024 (v02 VBOX  )
[    0.000000] ACPI: XSDT 0x000000003FFF0030 00003C (v01 VBOX   VBOXXSDT 00000001 ASL  00000061)
[    0.000000] ACPI: FACP 0x000000003FFF00F0 0000F4 (v04 VBOX   VBOXFACP 00000001 ASL  00000061)
[    0.000000] ACPI: DSDT 0x000000003FFF0470 002325 (v02 VBOX   VBOXBIOS 00000002 INTL 20120111)
[    0.000000] ACPI: FACS 0x000000003FFF0200 000040
[    0.000000] ACPI: FACS 0x000000003FFF0200 000040
[    0.000000] ACPI: APIC 0x000000003FFF0240 00005C (v02 VBOX   VBOXAPIC 00000001 ASL  00000061)
[    0.000000] ACPI: SSDT 0x000000003FFF02A0 0001CC (v01 VBOX   VBOXCPUT 00000002 INTL 20120111)
[    0.000000] No NUMA configuration found
[    0.000000] Faking a node at [mem 0x0000000000000000-0x000000003ffeffff]
[    0.000000] NODE_DATA(0) allocated [mem 0x3ffeb000-0x3ffeffff]
[    0.000000] kvm-clock: Using msrs 4b564d01 and 4b564d00
[    0.000000] kvm-clock: cpu 0, msr 0:3ffe3001, primary cpu clock
[    0.000000] kvm-clock: using sched offset of 3280079924 cycles
[    0.000000] clocksource: kvm-clock: mask: 0xffffffffffffffff max_cycles: 0x1cd42e4dffb, max_idle_ns: 881590591483 ns
[    0.000000] Zone ranges:
[    0.000000]   DMA      [mem 0x0000000000001000-0x0000000000ffffff]
[    0.000000]   DMA32    [mem 0x0000000001000000-0x000000003ffeffff]
[    0.000000]   Normal   empty
[    0.000000]   Device   empty
[    0.000000] Movable zone start for each node
[    0.000000] Early memory node ranges
[    0.000000]   node   0: [mem 0x0000000000001000-0x000000000009efff]
[    0.000000]   node   0: [mem 0x0000000000100000-0x000000003ffeffff]
[    0.000000] Initmem setup node 0 [mem 0x0000000000001000-0x000000003ffeffff]
[    0.000000] ACPI: PM-Timer IO Port: 0x4008
[    0.000000] IOAPIC[0]: apic_id 2, version 32, address 0xfec00000, GSI 0-23
[    0.000000] ACPI: INT_SRC_OVR (bus 0 bus_irq 0 global_irq 2 dfl dfl)
[    0.000000] ACPI: INT_SRC_OVR (bus 0 bus_irq 9 global_irq 9 low level)
[    0.000000] Using ACPI (MADT) for SMP configuration information
[    0.000000] smpboot: Allowing 2 CPUs, 0 hotplug CPUs
[    0.000000] PM: Registered nosave memory: [mem 0x00000000-0x00000fff]
[    0.000000] PM: Registered nosave memory: [mem 0x0009f000-0x0009ffff]
[    0.000000] PM: Registered nosave memory: [mem 0x000a0000-0x000effff]
[    0.000000] PM: Registered nosave memory: [mem 0x000f0000-0x000fffff]
[    0.000000] e820: [mem 0x40000000-0xfebfffff] available for PCI devices
[    0.000000] Booting paravirtualized kernel on KVM
[    0.000000] clocksource: refined-jiffies: mask: 0xffffffff max_cycles: 0xffffffff, max_idle_ns: 7645519600211568 ns
[    0.000000] setup_percpu: NR_CPUS:512 nr_cpumask_bits:512 nr_cpu_ids:2 nr_node_ids:1
[    0.000000] PERCPU: Embedded 33 pages/cpu @ffff88003fc00000 s95640 r8192 d31336 u1048576
[    0.000000] Built 1 zonelists in Node order, mobility grouping on.  Total pages: 257912
[    0.000000] Policy zone: DMA32
[    0.000000] Kernel command line: BOOT_IMAGE=/boot/vmlinuz-4.4.0-206-generic root=LABEL=cloudimg-rootfs ro console=tty1 console=ttyS0
[    0.000000] PID hash table entries: 4096 (order: 3, 32768 bytes)
[    0.000000] Memory: 997656K/1048120K available (8641K kernel code, 1337K rwdata, 4044K rodata, 1496K init, 1296K bss, 50464K reserved, 0K cma-reserved)
[    0.000000] SLUB: HWalign=64, Order=0-3, MinObjects=0, CPUs=2, Nodes=1
[    0.000000] Kernel/User page tables isolation: enabled
[    0.000000] Hierarchical RCU implementation.
[    0.000000] 	Build-time adjustment of leaf fanout to 64.
[    0.000000] 	RCU restricting CPUs from NR_CPUS=512 to nr_cpu_ids=2.
[    0.000000] RCU: Adjusting geometry for rcu_fanout_leaf=64, nr_cpu_ids=2
[    0.000000] NR_IRQS:33024 nr_irqs:440 16
[    0.000000] Console: colour VGA+ 80x25
[    0.000000] console [tty1] enabled
[    0.000000] console [ttyS0] enabled
[    0.000000] tsc: Detected 3095.998 MHz processor
[    0.119486] Calibrating delay loop (skipped) preset value.. 6191.99 BogoMIPS (lpj=12383992)
[    0.120824] pid_max: default: 32768 minimum: 301
[    0.121542] ACPI: Core revision 20150930
[    0.122836] ACPI: 2 ACPI AML tables successfully acquired and loaded
[    0.123896] Security Framework initialized
[    0.124555] Yama: becoming mindful.
[    0.125153] AppArmor: AppArmor initialized
[    0.125969] Dentry cache hash table entries: 131072 (order: 8, 1048576 bytes)
[    0.128276] Inode-cache hash table entries: 65536 (order: 7, 524288 bytes)
[    0.129327] Mount-cache hash table entries: 2048 (order: 2, 16384 bytes)
[    0.130340] Mountpoint-cache hash table entries: 2048 (order: 2, 16384 bytes)
[    0.131643] Initializing cgroup subsys io
[    0.132325] Initializing cgroup subsys memory
[    0.133016] Initializing cgroup subsys devices
[    0.133709] Initializing cgroup subsys freezer
[    0.134398] Initializing cgroup subsys net_cls
[    0.135192] Initializing cgroup subsys perf_event
[    0.135922] Initializing cgroup subsys net_prio
[    0.136703] Initializing cgroup subsys hugetlb
[    0.137894] Initializing cgroup subsys pids
[    0.139484] mce: CPU supports 0 MCE banks
[    0.140153] Last level iTLB entries: 4KB 64, 2MB 8, 4MB 8
[    0.140959] Last level dTLB entries: 4KB 64, 2MB 0, 4MB 0, 1GB 4
[    0.142000] Spectre V1 : Mitigation: usercopy/swapgs barriers and __user pointer sanitization
[    0.143361] Spectre V2 : Mitigation: Full generic retpoline
[    0.144308] Spectre V2 : Spectre v2 / SpectreRSB mitigation: Filling RSB on context switch
[    0.145574] Speculative Store Bypass: Vulnerable
[    0.146293] SRBDS: Unknown: Dependent on hypervisor status
[    0.147323] MDS: Mitigation: Clear CPU buffers
[    0.150332] Freeing SMP alternatives memory: 36K
[    0.155918] ftrace: allocating 32370 entries in 127 pages
[    0.205028] smpboot: APIC(0) Converting physical 0 to logical package 0
[    0.206537] smpboot: Max logical packages: 1
[    0.207738] x2apic enabled
[    0.208510] Switched APIC routing to physical x2apic.
[    0.210370] ..TIMER: vector=0x30 apic1=0 pin1=2 apic2=-1 pin2=-1
[    0.319858] smpboot: CPU0: Intel(R) Core(TM) i7-8809G CPU @ 3.10GHz (family: 0x6, model: 0x9e, stepping: 0x9)
[    0.322070] Performance Events: unsupported p6 CPU model 158 no PMU driver, software events only.
[    0.330458] KVM setup paravirtual spinlock
[    0.331727] x86: Booting SMP configuration:
[    0.332482] .... node  #0, CPUs:      #1
[    0.333509] kvm-clock: cpu 1, msr 0:3ffe3041, secondary cpu clock
[    0.335277] mce: CPU supports 0 MCE banks
[    0.337948] x86: Booted up 1 node, 2 CPUs
[    0.339033] smpboot: Total of 2 processors activated (12383.99 BogoMIPS)
[    0.340655] devtmpfs: initialized
[    0.342829] evm: security.selinux
[    0.343525] evm: security.SMACK64
[    0.344367] evm: security.SMACK64EXEC
[    0.345030] evm: security.SMACK64TRANSMUTE
[    0.345869] evm: security.SMACK64MMAP
[    0.346921] evm: security.ima
[    0.347711] evm: security.capability
[    0.348735] clocksource: jiffies: mask: 0xffffffff max_cycles: 0xffffffff, max_idle_ns: 7645041785100000 ns
[    0.350937] futex hash table entries: 512 (order: 3, 32768 bytes)
[    0.352556] pinctrl core: initialized pinctrl subsystem
[    0.353607] RTC time:  7:33:41, date: 04/12/21
[    0.354711] NET: Registered protocol family 16
[    0.364349] cpuidle: using governor ladder
[    0.377109] cpuidle: using governor menu
[    0.378263] PCCT header not found.
[    0.379269] ACPI: bus type PCI registered
[    0.380349] acpiphp: ACPI Hot Plug PCI Controller Driver version: 0.5
[    0.381990] PCI: Using configuration type 1 for base access
[    0.397140] ACPI: Added _OSI(Module Device)
[    0.398389] ACPI: Added _OSI(Processor Device)
[    0.399181] ACPI: Added _OSI(3.0 _SCP Extensions)
[    0.400177] ACPI: Added _OSI(Processor Aggregator Device)
[    0.401648] ACPI: Executed 1 blocks of module-level executable AML code
[    0.404376] ACPI: Interpreter enabled
[    0.405045] ACPI: (supports S0 S5)
[    0.405685] ACPI: Using IOAPIC for interrupt routing
[    0.407295] PCI: Using host bridge windows from ACPI; if necessary, use "pci=nocrs" and report a bug
[    0.412379] ACPI: PCI Root Bridge [PCI0] (domain 0000 [bus 00-ff])
[    0.413742] acpi PNP0A03:00: _OSC: OS supports [ASPM ClockPM Segments MSI]
[    0.415442] acpi PNP0A03:00: _OSC: not requesting OS control; OS requires [ExtendedConfig ASPM ClockPM MSI]
[    0.417186] acpi PNP0A03:00: fail to add MMCONFIG information, can't access extended PCI configuration space under this bridge.
[    0.419235] PCI host bridge to bus 0000:00
[    0.420084] pci_bus 0000:00: root bus resource [io  0x0000-0x0cf7 window]
[    0.421192] pci_bus 0000:00: root bus resource [io  0x0d00-0xffff window]
[    0.422145] pci_bus 0000:00: root bus resource [mem 0x000a0000-0x000bffff window]
[    0.423474] pci_bus 0000:00: root bus resource [mem 0x40000000-0xfdffffff window]
[    0.424823] pci_bus 0000:00: root bus resource [bus 00-ff]
[    0.427373] pci 0000:00:01.1: legacy IDE quirk: reg 0x10: [io  0x01f0-0x01f7]
[    0.428631] pci 0000:00:01.1: legacy IDE quirk: reg 0x14: [io  0x03f6]
[    0.429591] pci 0000:00:01.1: legacy IDE quirk: reg 0x18: [io  0x0170-0x0177]
[    0.437530] pci 0000:00:01.1: legacy IDE quirk: reg 0x1c: [io  0x0376]
[    0.448147] pci 0000:00:07.0: quirk: [io  0x4000-0x403f] claimed by PIIX4 ACPI
[    0.449424] pci 0000:00:07.0: quirk: [io  0x4100-0x410f] claimed by PIIX4 SMB
[    0.453428] ACPI: PCI Interrupt Link [LNKA] (IRQs 5 9 10 *11)
[    0.454727] ACPI: PCI Interrupt Link [LNKB] (IRQs 5 9 *10 11)
[    0.455923] ACPI: PCI Interrupt Link [LNKC] (IRQs 5 *9 10 11)
[    0.457110] ACPI: PCI Interrupt Link [LNKD] (IRQs 5 9 10 *11)
[    0.458365] ACPI: Enabled 2 GPEs in block 00 to 07
[    0.459386] vgaarb: setting as boot device: PCI:0000:00:02.0
[    0.460258] vgaarb: device added: PCI:0000:00:02.0,decodes=io+mem,owns=io+mem,locks=none
[    0.461793] vgaarb: loaded
[    0.462704] vgaarb: bridge control possible 0000:00:02.0
[    0.464144] SCSI subsystem initialized
[    0.465023] ACPI: bus type USB registered
[    0.465874] usbcore: registered new interface driver usbfs
[    0.466906] usbcore: registered new interface driver hub
[    0.468083] usbcore: registered new device driver usb
[    0.469249] PCI: Using ACPI for IRQ routing
[    0.473902] NetLabel: Initializing
[    0.474902] NetLabel:  domain hash size = 128
[    0.476052] NetLabel:  protocols = UNLABELED CIPSOv4
[    0.477236] NetLabel:  unlabeled traffic allowed by default
[    0.478348] amd_nb: Cannot enumerate AMD northbridges
[    0.479480] clocksource: Switched to clocksource kvm-clock
[    0.486133] AppArmor: AppArmor Filesystem Enabled
[    0.487101] pnp: PnP ACPI init
[    0.488531] pnp: PnP ACPI: found 3 devices
[    0.499407] clocksource: acpi_pm: mask: 0xffffff max_cycles: 0xffffff, max_idle_ns: 2085701024 ns
[    0.501319] NET: Registered protocol family 2
[    0.502206] TCP established hash table entries: 8192 (order: 4, 65536 bytes)
[    0.503564] TCP bind hash table entries: 8192 (order: 5, 131072 bytes)
[    0.504836] TCP: Hash tables configured (established 8192 bind 8192)
[    0.506073] UDP hash table entries: 512 (order: 2, 16384 bytes)
[    0.506914] UDP-Lite hash table entries: 512 (order: 2, 16384 bytes)
[    0.508107] NET: Registered protocol family 1
[    0.509263] pci 0000:00:00.0: Limiting direct PCI/PCI transfers
[    0.510625] pci 0000:00:01.0: Activating ISA DMA hang workarounds
[    0.511705] Unpacking initramfs...
[    0.702524] Freeing initrd memory: 14884K
[    0.703733] clocksource: tsc: mask: 0xffffffffffffffff max_cycles: 0x2ca082f6619, max_idle_ns: 440795220240 ns
[    0.705769] platform rtc_cmos: registered platform RTC device (no PNP device found)
[    0.707345] Scanning for low memory corruption every 60 seconds
[    0.709366] audit: initializing netlink subsys (disabled)
[    0.710407] audit: type=2000 audit(1618212826.787:1): initialized
[    0.711591] Initialise system trusted keyring
[    0.712608] HugeTLB registered 2 MB page size, pre-allocated 0 pages
[    0.714888] zbud: loaded
[    0.715892] VFS: Disk quotas dquot_6.6.0
[    0.716698] VFS: Dquot-cache hash table entries: 512 (order 0, 4096 bytes)
[    0.718187] squashfs: version 4.0 (2009/01/31) Phillip Lougher
[    0.719319] fuse init (API version 7.23)
[    0.720262] Key type big_key registered
[    0.720885] Allocating IMA MOK and blacklist keyrings.
[    0.724333] Key type asymmetric registered
[    0.725120] Asymmetric key parser 'x509' registered
[    0.726086] Block layer SCSI generic (bsg) driver version 0.4 loaded (major 249)
[    0.727699] io scheduler noop registered
[    0.728569] io scheduler deadline registered (default)
[    0.729480] io scheduler cfq registered
[    0.730230] pci_hotplug: PCI Hot Plug PCI Core version: 0.5
[    0.731195] pciehp: PCI Express Hot Plug Controller Driver version: 0.4
[    0.732751] ACPI: AC Adapter [AC] (on-line)
[    0.733574] input: Power Button as /devices/LNXSYSTM:00/LNXPWRBN:00/input/input0
[    0.734990] ACPI: Power Button [PWRF]
[    0.735726] input: Sleep Button as /devices/LNXSYSTM:00/LNXSLPBN:00/input/input1
[    0.737224] ACPI: Sleep Button [SLPF]
[    0.738204] GHES: HEST is not enabled!
[    0.739215] Serial: 8250/16550 driver, 32 ports, IRQ sharing enabled
[    0.760942] 00:02: ttyS0 at I/O 0x3f8 (irq = 4, base_baud = 115200) is a 16550A
[    0.766442] Linux agpgart interface v0.103
[    0.772021] loop: module loaded
[    0.775178] scsi host0: ata_piix
[    0.776161] scsi host1: ata_piix
[    0.777160] ata1: PATA max UDMA/33 cmd 0x1f0 ctl 0x3f6 bmdma 0xd000 irq 14
[    0.778473] ata2: PATA max UDMA/33 cmd 0x170 ctl 0x376 bmdma 0xd008 irq 15
[    0.779865] libphy: Fixed MDIO Bus: probed
[    0.780741] tun: Universal TUN/TAP device driver, 1.6
[    0.781658] tun: (C) 1999-2004 Max Krasnyansky <maxk@qualcomm.com>
[    0.783123] PPP generic driver version 2.4.2
[    0.784189] ehci_hcd: USB 2.0 'Enhanced' Host Controller (EHCI) Driver
[    0.785416] ehci-pci: EHCI PCI platform driver
[    0.790046] ehci-platform: EHCI generic platform driver
[    0.791157] ohci_hcd: USB 1.1 'Open' Host Controller (OHCI) Driver
[    0.792422] ohci-pci: OHCI PCI platform driver
[    0.793556] ohci-platform: OHCI generic platform driver
[    0.794445] uhci_hcd: USB Universal Host Controller Interface driver
[    0.795463] i8042: PNP: PS/2 Controller [PNP0303:PS2K,PNP0f03:PS2M] at 0x60,0x64 irq 1,12
[    0.797797] serio: i8042 KBD port at 0x60,0x64 irq 1
[    0.798570] serio: i8042 AUX port at 0x60,0x64 irq 12
[    0.799921] mousedev: PS/2 mouse device common for all mice
[    0.801462] input: AT Translated Set 2 keyboard as /devices/platform/i8042/serio0/input/input2
[    0.803922] rtc_cmos rtc_cmos: rtc core: registered rtc_cmos as rtc0
[    0.805191] rtc_cmos rtc_cmos: alarms up to one day, 114 bytes nvram
[    0.806548] i2c /dev entries driver
[    0.807487] device-mapper: uevent: version 1.0.3
[    0.808438] device-mapper: ioctl: 4.34.0-ioctl (2015-10-28) initialised: dm-devel@redhat.com
[    0.810120] ledtrig-cpu: registered to indicate activity on CPUs
[    0.811918] NET: Registered protocol family 10
[    0.813057] NET: Registered protocol family 17
[    0.814045] Key type dns_resolver registered
[    0.815608] registered taskstats version 1
[    0.816442] Loading compiled-in X.509 certificates
[    0.817805] Loaded X.509 cert 'Build time autogenerated kernel key: 516e255599dc793c39c72783e7b5301ff98d6a80'
[    0.820367] zswap: loaded using pool lzo/zbud
[    0.823114] Key type trusted registered
[    0.826404] Key type encrypted registered
[    0.827554] AppArmor: AppArmor sha1 policy hashing enabled
[    0.828387] ima: No TPM chip found, activating TPM-bypass!
[    0.829222] ima: Allocated hash algorithm: sha1
[    0.830042] evm: HMAC attrs: 0x1
[    0.830819]   Magic number: 1:658:571
[    0.831505] rtc_cmos rtc_cmos: setting system clock to 2021-04-12 07:33:42 UTC (1618212822)
[    0.833311] BIOS EDD facility v0.16 2004-Jun-25, 0 devices found
[    0.834471] EDD information not available.
[    0.961405] Freeing unused kernel memory: 1496K
[    0.962268] Write protecting the kernel read-only data: 14336k
[    0.963815] Freeing unused kernel memory: 1588K
[    0.964911] Freeing unused kernel memory: 52K
Loading, please wait...
starting version 229
[    0.976520] random: systemd-udevd: uninitialized urandom read (16 bytes read, 3 bits of entropy available)
[    0.977037] random: udevadm: uninitialized urandom read (16 bytes read, 3 bits of entropy available)
[    0.977051] random: udevadm: uninitialized urandom read (16 bytes read, 3 bits of entropy available)
[    0.982171] random: systemd-udevd: uninitialized urandom read (16 bytes read, 3 bits of entropy available)
[    0.983881] random: systemd-udevd: uninitialized urandom read (16 bytes read, 3 bits of entropy available)
[    0.984759] random: udevadm: uninitialized urandom read (16 bytes read, 3 bits of entropy available)
[    0.984792] random: udevadm: uninitialized urandom read (16 bytes read, 3 bits of entropy available)
[    0.984956] random: udevadm: uninitialized urandom read (16 bytes read, 3 bits of entropy available)
[    0.984995] random: udevadm: uninitialized urandom read (16 bytes read, 3 bits of entropy available)
[    0.985029] random: udevadm: uninitialized urandom read (16 bytes read, 3 bits of entropy available)
[    1.020568] e1000: Intel(R) PRO/1000 Network Driver - version 7.3.21-k8-NAPI
[    1.021932] e1000: Copyright (c) 1999-2006 Intel Corporation.
[    1.025198] Fusion MPT base driver 3.04.20
[    1.025981] Copyright (c) 1999-2008 LSI Corporation
[    1.030350] Fusion MPT SPI Host driver 3.04.20
[    1.037039] AVX2 version of gcm_enc/dec engaged.
[    1.037795] AES CTR mode by8 optimization enabled
[    1.224614] input: ImExPS/2 Generic Explorer Mouse as /devices/platform/i8042/serio1/input/input4
[    1.399511] e1000 0000:00:03.0 eth0: (PCI:33MHz:32-bit) 02:b5:11:9f:b1:da
[    1.400764] e1000 0000:00:03.0 eth0: Intel(R) PRO/1000 Network Connection
[    1.402578] mptbase: ioc0: Initiating bringup
[    1.403073] e1000 0000:00:03.0 enp0s3: renamed from eth0
[    1.467708] ioc0: LSI53C1030 A0: Capabilities={Initiator}
[    1.629849] scsi host2: ioc0: LSI53C1030 A0, FwRev=00000000h, Ports=1, MaxQ=256, IRQ=20
[    1.740115] scsi 2:0:0:0: Direct-Access     VBOX     HARDDISK         1.0  PQ: 0 ANSI: 5
[    1.741744] scsi target2:0:0: Beginning Domain Validation
[    1.745454] scsi target2:0:0: Domain Validation skipping write tests
[    1.746628] scsi target2:0:0: Ending Domain Validation
[    1.747652] scsi target2:0:0: asynchronous
[    1.748942] scsi 2:0:1:0: Direct-Access     VBOX     HARDDISK         1.0  PQ: 0 ANSI: 5
[    1.750661] scsi target2:0:1: Beginning Domain Validation
[    1.753397] scsi target2:0:1: Domain Validation skipping write tests
[    1.754710] scsi target2:0:1: Ending Domain Validation
[    1.755529] scsi target2:0:1: asynchronous
[    1.768865] sd 2:0:0:0: [sda] 83886080 512-byte logical blocks: (42.9 GB/40.0 GiB)
[    1.769014] sd 2:0:0:0: Attached scsi generic sg0 type 0
[    1.769307] sd 2:0:1:0: Attached scsi generic sg1 type 0
[    1.769473] sd 2:0:1:0: [sdb] 20480 512-byte logical blocks: (10.5 MB/10.0 MiB)
[    1.769566] sd 2:0:1:0: [sdb] Write Protect is off
[    1.769643] sd 2:0:1:0: [sdb] Incomplete mode parameter data
[    1.769644] sd 2:0:1:0: [sdb] Assuming drive cache: write through
[    1.771085] sd 2:0:1:0: [sdb] Attached SCSI disk
[    1.779312] sd 2:0:0:0: [sda] Write Protect is off
[    1.780921] sd 2:0:0:0: [sda] Incomplete mode parameter data
[    1.782079] sd 2:0:0:0: [sda] Assuming drive cache: write through
[    1.784885]  sda: sda1
[    1.786150] sd 2:0:0:0: [sda] Attached SCSI disk
Begin: Loading essential drivers ... [    3.023348] md: linear personality registered for level -1
[    3.027053] md: multipath personality registered for level -4
[    3.030437] md: raid0 personality registered for level 0
[    3.034327] md: raid1 personality registered for level 1
[    3.103552] raid6: sse2x1   gen() 12731 MB/s
[    3.171617] raid6: sse2x1   xor()  9940 MB/s
[    3.239847] raid6: sse2x2   gen() 17048 MB/s
[    3.308146] raid6: sse2x2   xor() 11569 MB/s
[    3.375923] raid6: sse2x4   gen() 16436 MB/s
[    3.443746] raid6: sse2x4   xor() 11554 MB/s
[    3.512559] raid6: avx2x1   gen() 23115 MB/s
[    3.580259] raid6: avx2x2   gen() 31787 MB/s
[    3.647543] raid6: avx2x4   gen() 34268 MB/s
[    3.648678] raid6: using algorithm avx2x4 gen() 34268 MB/s
[    3.649761] raid6: using avx2x2 recovery algorithm
[    3.651751] xor: automatically using best checksumming function:
[    3.691516]    avx       : 33513.000 MB/sec
[    3.693372] async_tx: api initialized (async)
[    3.700907] md: raid6 personality registered for level 6
[    3.702044] md: raid5 personality registered for level 5
[    3.703233] md: raid4 personality registered for level 4
[    3.709110] md: raid10 personality registered for level 10
done.
Begin: Running /scripts/init-premount ... done.
Begin: Mounting root file system ... Begin: Running /scripts/local-top ... done.
Begin: Running /scripts/local-premount ... [    3.732950] Btrfs loaded
Scanning for Btrfs filesystems
done.
Warning: fsck not present, so skipping root file system
[    3.749647] EXT4-fs (sda1): mounted filesystem with ordered data mode. Opts: (null)
done.
Begin: Running /scripts/local-bottom ... done.
Begin: Running /scripts/init-bottom ... done.
[    3.792039] systemd[1]: systemd 229 running in system mode. (+PAM +AUDIT +SELINUX +IMA +APPARMOR +SMACK +SYSVINIT +UTMP +LIBCRYPTSETUP +GCRYPT +GNUTLS +ACL +XZ -LZ4 +SECCOMP +BLKID +ELFUTILS +KMOD -IDN)
[    3.794657] systemd[1]: Detected virtualization oracle.
[    3.795496] systemd[1]: Detected architecture x86-64.

Welcome to [1mUbuntu 16.04.7 LTS[0m!

[    3.804798] systemd[1]: Set hostname to <ubuntu>.
[    3.807409] systemd[1]: Initializing machine ID from random generator.
[    3.808976] systemd[1]: Installed transient /etc/machine-id file.
[    3.882384] systemd[1]: Reached target User and Group Name Lookups.
[[0;32m  OK  [0m] Reached target User and Group Name Lookups.
[    3.884440] systemd[1]: Created slice User and Session Slice.
[[0;32m  OK  [0m] Created slice User and Session Slice.
[    3.886093] systemd[1]: Reached target Encrypted Volumes.
[[0;32m  OK  [0m] Reached target Encrypted Volumes.
[    3.887776] systemd[1]: Listening on Syslog Socket.
[[0;32m  OK  [0m] Listening on Syslog Socket.
[    3.889253] systemd[1]: Listening on LVM2 poll daemon socket.
[[0;32m  OK  [0m] Listening on LVM2 poll daemon socket.
[    3.891061] systemd[1]: Created slice System Slice.
[[0;32m  OK  [0m] Created slice System Slice.
[    3.892721] systemd[1]: Created slice system-serial\x2dgetty.slice.
[[0;32m  OK  [0m] Created slice system-serial\x2dgetty.slice.
[    3.894505] systemd[1]: Started Forward Password Requests to Wall Directory Watch.
[[0;32m  OK  [0m] Started Forward Password Requests to Wall Directory Watch.
[    3.896998] systemd[1]: Set up automount Arbitrary Executable File Formats File System Automount Point.
[[0;32m  OK  [0m] Set up automount Arbitrary Executab...ats File System Automount Point.
[    3.899738] systemd[1]: Listening on fsck to fsckd communication Socket.
[[0;32m  OK  [0m] Listening on fsck to fsckd communication Socket.
[    3.907854] systemd[1]: Listening on Journal Audit Socket.
[[0;32m  OK  [0m] Listening on Journal Audit Socket.
[    3.909846] systemd[1]: Listening on LVM2 metadata daemon socket.
[[0;32m  OK  [0m] Listening on LVM2 metadata daemon socket.
[    3.912051] systemd[1]: Listening on Device-mapper event daemon FIFOs.
[[0;32m  OK  [0m] Listening on Device-mapper event daemon FIFOs.
[    3.914170] systemd[1]: Listening on Journal Socket (/dev/log).
[[0;32m  OK  [0m] Listening on Journal Socket (/dev/log).
[    3.915943] systemd[1]: Listening on Journal Socket.
[[0;32m  OK  [0m] Listening on Journal Socket.
[    3.939663] systemd[1]: Starting Set console keymap...
         Starting Set console keymap...
[    3.942829] systemd[1]: Starting Nameserver information manager...
         Starting Nameserver information manager...
[    3.952121] systemd[1]: Mounting Huge Pages File System...
         Mounting Huge Pages File System...
[    3.960893] systemd[1]: Starting Load Kernel Modules...
         Starting Load Kernel Modules...
[    3.968279] systemd[1]: Mounting POSIX Message Queue File System...
[    3.969841] Loading iSCSI transport class v2.0-870.
         Mounting POSIX Message Queue File System...
[    3.975655] iscsi: registered transport (tcp)
[    3.975669] systemd[1]: Reached target System Time Synchronized.
[[0;32m  OK  [0m] Reached target System Time Synchronized.
[    3.978701] systemd[1]: Listening on udev Kernel Socket.
[[0;32m  OK  [0m] Listening on udev Kernel Socket.
[    3.987953] systemd[1]: Listening on /dev/initctl Compatibility Named Pipe.
[[0;32m  OK  [0m] Listening on /dev/initctl Compatibility Named Pipe.
[    3.995225] iscsi: registered transport (iser)
[    3.996089] systemd[1]: Listening on udev Control Socket.
[[0;32m  OK  [0m] Listening on udev Control Socket.
[    4.016398] systemd[1]: Starting Uncomplicated firewall...
         Starting Uncomplicated firewall...
[    4.018968] systemd[1]: Reached target Swap.
[[0;32m  OK  [0m] Reached target Swap.
[    4.021239] systemd[1]: Starting Monitoring of LVM2 mirrors, snapshots etc. using dmeventd or progress polling...
         Starting Monitoring of LVM2 mirrors... dmeventd or progress polling...
[    4.025045] systemd[1]: Starting Create list of required static device nodes for the current kernel...
         Starting Create list of required st... nodes for the current kernel...
[    4.029182] systemd[1]: Starting Journal Service...
         Starting Journal Service...
[    4.032219] systemd[1]: Reached target Slices.
[[0;32m  OK  [0m] Reached target Slices.
[    4.034687] systemd[1]: Started Trigger resolvconf update for networkd DNS.
[[0;32m  OK  [0m] Started Trigger resolvconf update for networkd DNS.
[    4.037588] systemd[1]: Starting File System Check on Root Device...
         Starting File System Check on Root Device...
[    4.048191] systemd[1]: Mounting Debug File System...
         Mounting Debug File System...
[    4.051009] systemd[1]: Mounted Huge Pages File System.
[[0;32m  OK  [0m] Mounted Huge Pages File System.
[    4.052599] systemd[1]: Mounted Debug File System.
[[0;32m  OK  [0m] Mounted Debug File System.
[    4.054054] systemd[1]: Mounted POSIX Message Queue File System.
[[0;32m  OK  [0m] Mounted POSIX Message Queue File System.
[    4.055813] systemd[1]: Started Journal Service.
[[0;32m  OK  [0m] Started Journal Service.
[[0;32m  OK  [0m] Started Set console keymap.
[[0;32m  OK  [0m] Started Load Kernel Modules.
[[0;32m  OK  [0m] Started Uncomplicated firewall.
[[0;32m  OK  [0m] Started Create list of required sta...ce nodes for the current kernel.
[[0;32m  OK  [0m] Started File System Check on Root Device.
[[0;32m  OK  [0m] Started Nameserver information manager.
[[0;32m  OK  [0m] Started File System Check Daemon to report status.
[[0;32m  OK  [0m] Started LVM2 metadata daemon.
         Starting Remount Root and Kernel File Systems...
         Starting Create Static Device Nodes in /dev...
[    4.096731] EXT4-fs (sda1): re-mounted. Opts: (null)
         Mounting FUSE Control File System...
         Starting Apply Kernel Variables...
[[0;32m  OK  [0m] Mounted FUSE Control File System.
[[0;32m  OK  [0m] Started Remount Root and Kernel File Systems.
[[0;32m  OK  [0m] Started Create Static Device Nodes in /dev.
[[0;32m  OK  [0m] Started Apply Kernel Variables.
         Starting udev Kernel Device Manager...
         Starting udev Coldplug all Devices...
         Starting Flush Journal to Persistent Storage...
         Starting Load/Save Random Seed...
[[0;32m  OK  [0m] Started Load/Save Random Seed.
[[0;32m  OK  [0m] Started udev Kernel Device Manager.
[[0;32m  OK  [0m] Started Flush Journal to Persistent Storage.
[[0;32m  OK  [0m] Started Monitoring of LVM2 mirrors,...ng dmeventd or progress polling.
[[0;32m  OK  [0m] Reached target Local File Systems (Pre).
[[0;32m  OK  [0m] Reached target Local File Systems.
         Starting Set console font and keymap...
         Starting Initial cloud-init job (pre-networking)...
         Starting Commit a transient machine-id on disk...
         Starting Tell Plymouth To Write Out Runtime Data...
         Starting LSB: AppArmor initialization...
         Starting Create Volatile Files and Directories...
[[0;32m  OK  [0m] Started udev Coldplug all Devices.
[[0;32m  OK  [0m] Started Dispatch Password Requests to Console Directory Watch.
[[0;32m  OK  [0m] Started Tell Plymouth To Write Out Runtime Data.
[[0;32m  OK  [0m] Started Create Volatile Files and Directories.
         Starting Update UTMP about System Boot/Shutdown...
[[0;32m  OK  [0m] Started Update UTMP about System Boot/Shutdown.
[[0;32m  OK  [0m] Started Commit a transient machine-id on disk.
[[0;32m  OK  [0m] Found device /dev/ttyS0.
[[0;32m  OK  [0m] Listening on Load/Save RF Kill Switch Status /dev/rfkill Watch.
[    5.397090] cloud-init[487]: Cloud-init v. 20.4.1-0ubuntu1~16.04.1 running 'init-local' at Mon, 12 Apr 2021 07:33:46 +0000. Up 5.01 seconds.
[[0;32m  OK  [0m] Started LSB: AppArmor initialization.
[[0;32m  OK  [0m] Started Initial cloud-init job (pre-networking).
[[0;32m  OK  [0m] Reached target Network (Pre).
         Starting Raise network interfaces...
         Starting Load AppArmor profiles managed internally by snapd...
[[0;32m  OK  [0m] Started Load AppArmor profiles managed internally by snapd.
[[0;32m  OK  [0m] Started Set console font and keymap.
[[0;32m  OK  [0m] Created slice system-getty.slice.
[[0;32m  OK  [0m] Started Raise network interfaces.
         Starting Initial cloud-init job (metadata service crawler)...
[[0;32m  OK  [0m] Reached target Network.
[    6.282551] cloud-init[940]: Cloud-init v. 20.4.1-0ubuntu1~16.04.1 running 'init' at Mon, 12 Apr 2021 07:33:47 +0000. Up 5.93 seconds.
[    6.284019] cloud-init[940]: ci-info: ++++++++++++++++++++++++++++++++++++++Net device info++++++++++++++++++++++++++++++++++++++
[    6.285446] cloud-init[940]: ci-info: +--------+------+----------------------------+---------------+--------+-------------------+
[    6.286599] cloud-init[940]: ci-info: | Device |  Up  |          Address           |      Mask     | Scope  |     Hw-Address    |
[    6.287791] cloud-init[940]: ci-info: +--------+------+----------------------------+---------------+--------+-------------------+
[    6.289188] cloud-init[940]: ci-info: | enp0s3 | True |         10.0.2.15          | 255.255.255.0 | global | 02:b5:11:9f:b1:da |
[    6.290444] cloud-init[940]: ci-info: | enp0s3 | True | fe80::b5:11ff:fe9f:b1da/64 |       .       |  link  | 02:b5:11:9f:b1:da |
[    6.291621] cloud-init[940]: ci-info: |   lo   | True |         127.0.0.1          |   255.0.0.0   |  host  |         .         |
[    6.293275] cloud-init[940]: ci-info: |   lo   | True |          ::1/128           |       .       |  host  |         .         |
[    6.295009] cloud-init[940]: ci-info: +--------+------+----------------------------+---------------+--------+-------------------+
[    6.296493] cloud-init[940]: ci-info: +++++++++++++++++++++++++++Route IPv4 info++++++++++++++++++++++++++++
[    6.298344] cloud-init[940]: ci-info: +-------+-------------+----------+---------------+-----------+-------+
[    6.304351] cloud-init[940]: ci-info: | Route | Destination | Gateway  |    Genmask    | Interface | Flags |
[    6.312894] cloud-init[940]: ci-info: +-------+-------------+----------+---------------+-----------+-------+
[    6.321001] cloud-init[940]: ci-info: |   0   |   0.0.0.0   | 10.0.2.2 |    0.0.0.0    |   enp0s3  |   UG  |
[    6.322293] cloud-init[940]: ci-info: |   1   |   10.0.2.0  | 0.0.0.0  | 255.255.255.0 |   enp0s3  |   U   |
[    6.333084] cloud-init[940]: ci-info: +-------+-------------+----------+---------------+-----------+-------+
[[0;32m  OK  [0m] Started Initial cloud-init job (metadata service crawler).
[    6.333371] cloud-init[940]: ci-info: +++++++++++++++++++Route IPv6 info+++++++++++++++++++
[[0;32m  OK  [0m] Reached target System Initialization.
[[    6.335623] [0;32m  OK  [0mcloud-init] [940]: Started Daily apt download activities.ci-info: +-------+-------------+---------+-----------+-------+

[    6.356403] cloud-init[940]: ci-info: | Route | Destination | Gateway | Interface | Flags |
[    6.356636] cloud-init[[940]: [0;32m  OK  [0mci-info: +-------+-------------+---------+-----------+-------+] 
Started Daily apt upgrade and clean activities.
[    6.356688] cloud-init[940]: ci-info: |   0   |  fe80::/64  |    ::   |   enp0s3  |   U   |
[    6.368753] cloud-init[940]: ci-info: |   3   |   ff00::/8  |    ::   |   enp0s3  |   U   |
         [    6.369072] Starting Socket activation for snappy daemon.cloud-init
[940]: ci-info: +-------+-------------+---------+-----------+-------+
[    6.371105] cloud-init[940]: Generating public/private rsa key pair.
[    6.371334] cloud-init[940]: Your identification has been saved in /etc/ssh/ssh_host_rsa_key.
[[0;32m  OK  [0m] Started Daily Cleanup of Temporary Directories.
[    6.371658] cloud-init[940]: Your public key has been saved in /etc/ssh/ssh_host_rsa_key.pub.
[    6.373327] cloud-init[940]: The key fingerprint is:
[    6.373574] cloud-init[940]: SHA256:YUhjxejxoMDbzqb2Fh2f14fKqcKtsulaLFrKNXPM6k0 root@ubuntu-xenial
[    6.373686] cloud-init[940]: The key's randomart image is:
[    6.373960] cloud-init[940]: +---[RSA 2048]----+
[    6.374257] cloud-init[940]: | .    ++.        |
[    6.374291] cloud-init[940]: |  o  o+o.        |
[    6.374396] cloud-init[940]: |   + o.+o        |
[    6.374658] cloud-init[940]: |  . o o...       |
[[0;32m  OK  [0m] Listening on ACPID Listen Socket.
[    6.374995] cloud-init[940]: |   o . oS. . .   |
[    6.377459] cloud-init[940]: |   .B . o . o .  |
[    6.377627] cloud-init[940]: |  o*oE . o o .   |
[    6.378023] cloud-init[940]: |.++oX.o . +      |
[[0;32m  OK  [0m] Listening on D-Bus System Message Bus Socket.
[    6.378069] cloud-init[940]: |oooB=+.o..       |
[    6.396466] cloud-init[940]: +----[SHA256]-----+
[    6.396673] cloud-init[940]: Generating public/private dsa key pair.
         Starting LXD - unix socket.
[    6.396721] cloud-init[940]: Your identification has been saved in /etc/ssh/ssh_host_dsa_key.
[[0;32m  OK  [0m] Listening on UUID daemon activation socket.
[[    6.405090] [0;32m  OK  [0mcloud-init] [940]: Started Message of the Day.Your public key has been saved in /etc/ssh/ssh_host_dsa_key.pub.

[    6.414260] cloud-init[940]: The key fingerprint is:
[    6.414440] cloud-init[940]: SHA256:O1PStjoXanYVyQITMvkoGqpwUGmRciBp3Mip+UoWO20 root@ubuntu-xenial
[[0;32m  OK  [0m] Reached target Timers.
[    6.414588] cloud-init[940]: The key's randomart image is:
[    6.425692] cloud-init[940]: +---[DSA 1024]----+
[    6.425869] cloud-init[940]: |=o=+  o...       |
[    6.426111] cloud-init[940]: |+**.  .oo        |
[    6.426380] cloud-init[940]: |o*     o o . .   |
[    6.426675] cloud-init[940]: |+.. . . ... +    |
[    6.426804] cloud-init[940]: | ++o .  S +. .   |
[    6.427059] cloud-init[940]: |o=+E     =...    |
[    6.427163] cloud-init[940]: |=oo     +..o     |
[    6.427267] cloud-init[940]: |o       =+o      |
[    6.427367] cloud-init[940]: |       o.+       |
[    6.427605] cloud-init[940]: +----[SHA256]-----+
[    6.427705] cloud-init[940]: Generating public/private ecdsa key pair.
[    6.428010] cloud-init[940]: Your identification has been saved in /etc/ssh/ssh_host_ecdsa_key.
[[0;32m  OK  [0m] Started ACPI Events Check.
[[    6.428160] [0;32m  OK  [0mcloud-init] [940]: Reached target Paths.Your public key has been saved in /etc/ssh/ssh_host_ecdsa_key.pub.

[[    6.431977] cloud-init[940]: The key fingerprint is:
[    6.432186] cloud-init[940]: SHA256:QsDP4CT3AnMlMIJy5uEyFa+XHNcqsylqJFpLOguMD1k root@ubuntu-xenial
[    6.432545] cloud-init[940]: The key's randomart image is:
[    6.432928] cloud-init[940]: +---[ECDSA 256]---+
[    6.433305] cloud-init[940]: |o ++o..          |
[    6.433671] cloud-init[940]: |o.Oo*o .         |
[    6.434036] cloud-init[940]: |.* Xo=o .        |
[    6.434399] cloud-init[940]: |o ooo=+.         |
[    6.434765] cloud-init[940]: | oE *.o S        |
[    6.435156] cloud-init[940]: |++o. = .         |
[0;32m  OK  [0m] Reached target Cloud-config availability.
[    6.435300] cloud-init[940]: |O=..o            |
[    6.437701] cloud-init[940]: |==..             |
[    6.438066] cloud-init[940]: |+o.              |
[    6.438436] cloud-init[940]: +----[SHA256]-----+
[    6.438802] cloud-init[940]: Generating public/private ed25519 key pair.
[    6.439170] cloud-init[940]: Your identification has been saved in /etc/ssh/ssh_host_ed25519_key.
[    6.439537] cloud-init[940]: Your public key has been saved in /etc/ssh/ssh_host_ed25519_key.pub.
[    6.439906] cloud-init[940]: The key fingerprint is:
[    6.440291] cloud-init[940]: SHA256:vfgz+cKIOQK8OvoiaDQV/ehmp5ONaHEei7x3bL9d8vY root@ubuntu-xenial
[    6.440657] cloud-init[940]: The key's randomart image is:
[    6.441022] cloud-init[940]: +--[ED25519 256]--+
[    6.441407] cloud-init[940]: |    .            |
[    6.441632] cloud-init[940]: |   . .           |
[    6.441797] cloud-init[940]: |    . o          |
[    6.441985] cloud-init[940]: |   . . . .       |
[    6.442079] cloud-init[940]: | .. .   S .      |
[    6.442354] cloud-init[940]: | oo. * . . .     |
[    6.442462] cloud-init[940]: |o ooO Xo.o.o .   |
[    6.442745] cloud-init[940]: |=..=.O+=..B +.   |
[[0;32m  OK  [0m] Reached target Network is Online.
[    6.443184] cloud-init[940]: |*=o.o.+..oo*o..E |
[    6.447549] cloud-init[940]: +----[SHA256]-----+
         Starting iSCSI initiator daemon (iscsid)...
[[0;32m  OK  [0m] Listening on Socket activation for snappy daemon.
[[0;32m  OK  [0m] Listening on LXD - unix socket.
[[0;32m  OK  [0m] Reached target Sockets.
[[0;32m  OK  [0m] Reached target Basic System.
[[0;32m  OK  [0m] Started Regular background program processing daemon.
[[0;32m  OK  [0m] Started Deferred execution scheduler.
         Starting System Logging Service...
[[0;32m  OK  [0m] Started ACPI event daemon.
         Starting /etc/rc.local Compatibility...
         Starting Pollinate to seed the pseudo random number generator...
[[0;32m  OK  [0m] Started D-Bus System Message Bus.
         Starting Snap Daemon...
[[0;32m  OK  [0m] Started FUSE filesystem for LXC.
         Starting LSB: MD monitoring daemon...
         Starting Virtualbox guest utils...
         Starting Login Service...
         Starting LXD - container startup/shutdown...
         Starting LSB: Record successful boot for GRUB...
         Starting Accounts Service...
[[0;32m  OK  [0m] Started System Logging Service.
[[0;32m  OK  [0m] Started iSCSI initiator daemon (iscsid).
[[0;32m  OK  [0m] Started /etc/rc.local Compatibility.
         Starting Login to default iSCSI targets...
[[0;32m  OK  [0m] Started Login Service.
[[0;32m  OK  [0m] Started Unattended Upgrades Shutdown.
         Starting Authenticate and Authorize Users to Run Privileged Tasks...
[[0;32m  OK  [0m] Started LSB: MD monitoring daemon.
[[0;32m  OK  [0m] Started Authenticate and Authorize Users to Run Privileged Tasks.
[[0;32m  OK  [0m] Started LSB: Record successful boot for GRUB.
[[0;32m  OK  [0m] Started Accounts Service.
[[0;32m  OK  [0m] Started Login to default iSCSI targets.
[[0;32m  OK  [0m] Reached target Remote File Systems (Pre).
[[0;32m  OK  [0m] Reached target Remote File Systems.
         Starting LSB: Set the CPU Frequency Scaling governor to "ondemand"...
         Starting Permit User Sessions...
         Starting LSB: automatic crash report generation...
         Starting LSB: daemon to balance interrupts for SMP systems...
[[0;32m  OK  [0m] Started Permit User Sessions.
         Starting Hold until boot process finishes up...
         Starting Terminate Plymouth Boot Screen...
[[0;32m  OK  [0m] Started LSB: Set the CPU Frequency Scaling governor to "ondemand".
[[0;32m  OK  [0m] Started Hold until boot process finishes up.
         Starting Set console scheme...
[[0;32m  OK  [0m] Started Serial Getty on ttyS0.
[[0;32m  OK  [0m] Started Getty on tty1.
[[0;32m  OK  [0m] Reached target Login Prompts.
[[0;32m  OK  [0m] Started LXD - container startup/shutdown.
[[0;32m  OK  [0m] Started Terminate Plymouth Boot Screen.
[[0;32m  OK  [0m] Started Set console scheme.
[[0;32m  OK  [0m] Started LSB: daemon to balance interrupts for SMP systems.
[[0;32m  OK  [0m] Started Virtualbox guest utils.
[[0;32m  OK  [0m] Started LSB: automatic crash report generation.
[[0;32m  OK  [0m] Started Snap Daemon.
         Starting Wait until snapd is fully seeded...
[[0;32m  OK  [0m] Started Pollinate to seed the pseudo random number generator.
         Starting OpenBSD Secure Shell server...
[[0;32m  OK  [0m] Started OpenBSD Secure Shell server.
[[0;32m  OK  [0m] Started Wait until snapd is fully seeded.
         Starting Apply the settings specified in cloud-config...
[[0;32m  OK  [0m] Reached target Multi-User System.
[[0;32m  OK  [0m] Reached target Graphical Interface.
         Starting Update UTMP about System Runlevel Changes...
[[0;32m  OK  [0m] Started Update UTMP about System Runlevel Changes.
[   10.809833] cloud-init[1291]: Generating locales (this might take a while)...
[   11.568340] cloud-init[1291]:   en_US.UTF-8... done
[   11.569141] cloud-init[1291]: Generation complete.
[   11.838085] cloud-init[1291]: Cloud-init v. 20.4.1-0ubuntu1~16.04.1 running 'modules:config' at Mon, 12 Apr 2021 07:33:52 +0000. Up 10.69 seconds.
[[0;32m  OK  [0m] Started Apply the settings specified in cloud-config.
         Starting Execute cloud user/final scripts...
ci-info: no authorized SSH keys fingerprints found for user ubuntu.
[[0;32m  OK  [0m] Created slice User Slice of vagrant.
<14>Apr 12 07:33:54 ec2: 
<14>Apr 12 07:33:54 ec2: #############################################################
<14>Apr 12 07:33:54 ec2: -----BEGIN SSH HOST KEY FINGERPRINTS-----
<14>Apr 12 07:33:54 ec2: 1024 SHA256:O1PStjoXanYVyQITMvkoGqpwUGmRciBp3Mip+UoWO20 root@ubuntu-xenial (DSA)
<14>Apr 12 07:33:54 ec2: 256 SHA256:QsDP4CT3AnMlMIJy5uEyFa+XHNcqsylqJFpLOguMD1k root@ubuntu-xenial (ECDSA)
<14>Apr 12 07:33:54 ec2: 256 SHA256:vfgz+cKIOQK8OvoiaDQV/ehmp5ONaHEei7x3bL9d8vY root@ubuntu-xenial (ED25519)
<14>Apr 12 07:33:54 ec2: 2048 SHA256:YUhjxejxoMDbzqb2Fh2f14fKqcKtsulaLFrKNXPM6k0 root@ubuntu-xenial (RSA)
<14>Apr 12 07:33:54 ec2: -----END SSH HOST KEY FINGERPRINTS-----
<14>Apr 12 07:33:54 ec2: #############################################################
-----BEGIN SSH HOST KEY KEYS-----
ecdsa-sha2-nistp256 AAAAE2VjZHNhLXNoYTItbmlzdHAyNTYAAAAIbmlzdHAyNTYAAABBBLLHSi+X2mBuRPWZLK+OEj/nL5378ohGF5W+kRUsVleFKUqnXnDOieGOWQN3wY2MxtBhCVpeovdgGHH3M0u7mCw= root@ubuntu-xenial
ssh-ed25519 AAAAC3NzaC1lZDI1NTE5AAAAIOQ6KNSh9c+X3FO4u6EVSVxVEw65P1uIxDmGxWqMQOa8 root@ubuntu-xenial
ssh-rsa AAAAB3NzaC1yc2EAAAADAQABAAABAQCzexWobRNcTyelAR0vK+hNueK5QygcUyx48qmg/OvRsDrVwU1INE7mxdpfilR22DxYn3OmLKyt7iFOtq819Mw4z/fKpjJQ4A7vvrj2N6jyjSWDpuX0b8SREm6q1IybzVoG9TKemlDBeVZiduwwz5nAqFkwW0m0FHK8s1NZMvfN8DoWzMLCB1HK/hFjAxlMOKdjEabWvjZqrE3x32rsQJnhEpZZFY8b+Bq86rfRzBVlJLknffrxMNd+Ncg7YoblkHxWBE5+6NbUDE6Qe7bw9WFRCoPrP2cYxOaD7ToQpg+zKvOz4H9IHHyUWV8NW/oiBQxDNhfCyiE5cbnrZelO0Jdh root@ubuntu-xenial
-----END SSH HOST KEY KEYS-----
         Starting User Manager for UID 1000...
[[0;32m  OK  [0m] Started Session 1 of user vagrant.
[   12.445202] cloud-init[1335]: Cloud-init v. 20.4.1-0ubuntu1~16.04.1 running 'modules:final' at Mon, 12 Apr 2021 07:33:54 +0000. Up 12.23 seconds.
[[   12.452925] cloud-init[1335]: ci-info: no authorized SSH keys fingerprints found for user ubuntu.
[   12.453100] cloud-init[1335]: Cloud-init v. 20.4.1-0ubuntu1~16.04.1 finished at Mon, 12 Apr 2021 07:33:54 +0000. Datasource DataSourceNoCloud [seed=/dev/sdb][dsmode=net].  Up 12.43 seconds
[0;32m  OK  [0m] Started User Manager for UID 1000.

Ubuntu 16.04.7 LTS ubuntu-xenial ttyS0

ubuntu-xenial login: 